2026-09-24 11:38:08 | INFO | RUN=afternoon | Worker iniciado.
2026-09-24 11:38:09 | INFO | RUN=afternoon | HTTP=200 | action=no_action | version=8 | updatedAt=2026-09-24T14:45:57.211562Z
2026-09-24 11:38:09 | INFO | RUN=afternoon | action=no_action | RESULT=OK
2026-09-24 11:38:38 | INFO | RUN=afternoon | HTTP=200 | action=now | version=10 | updatedAt=2026-09-24T16:38:34.727819Z
2026-09-24 11:38:38 | INFO | RUN=afternoon | action=now | RESULT=OK
2026-09-24 11:39:08 | INFO | RUN=afternoon | HTTP=200 | action=now | version=10 | updatedAt=2026-09-24T16:38:34.727819Z
2026-09-24 11:39:08 | INFO | RUN=afternoon | action=now | RESULT=OK
2026-09-24 11:39:38 | INFO | RUN=afternoon | HTTP=200 | action=no_action | version=14 | updatedAt=2026-09-24T16:39:38.746666Z
2026-09-24 11:39:38 | INFO | RUN=afternoon | action=no_action | RESULT=OK
2026-09-24 11:40:08 | INFO | RUN=afternoon | HTTP=200 | action=schedule | version=16 | updatedAt=2026-09-24T16:40:01.471966Z
2026-09-24 11:40:08 | INFO | RUN=afternoon | action=schedule | RESULT=OK
2026-09-24 11:40:38 | INFO | RUN=afternoon | HTTP=200 | action=schedule | version=16 | updatedAt=2026-09-24T16:40:01.471966Z
2026-09-24 11:40:38 | INFO | RUN=afternoon | action=schedule | RESULT=OK
2026-09-24 11:41:08 | INFO | RUN=afternoon | HTTP=200 | action=schedule | version=16 | updatedAt=2026-09-24T16:40:01.471966Z
2026-09-24 11:41:08 | INFO | RUN=afternoon | action=schedule | RESULT=OK
2026-09-24 11:41:38 | INFO | RUN=afternoon | HTTP=200 | action=schedule | version=16 | updatedAt=2026-09-24T16:40:01.471966Z
2026-09-24 11:41:38 | INFO | RUN=afternoon | action=schedule | RESULT=OK
2026-09-24 11:42:08 | INFO | RUN=afternoon | HTTP=200 | action=schedule | version=16 | updatedAt=2026-09-24T16:40:01.471966Z
2026-09-24 11:42:08 | INFO | RUN=afternoon | action=schedule | RESULT=OK
2026-09-24 11:42:38 | INFO | RUN=afternoon | HTTP=200 | action=schedule | version=16 | updatedAt=2026-09-24T16:40:01.471966Z
2026-09-24 11:42:38 | INFO | RUN=afternoon | action=schedule | RESULT=OK
2026-09-24 11:43:08 | INFO | RUN=afternoon | HTTP=200 | action=schedule | version=16 | updatedAt=2026-09-24T16:40:01.471966Z
2026-09-24 11:43:08 | INFO | RUN=afternoon | action=schedule | RESULT=OK
2026-09-24 11:43:38 | INFO | RUN=afternoon | HTTP=200 | action=schedule | version=16 | updatedAt=2026-09-24T16:40:01.471966Z
2026-09-24 11:43:38 | INFO | RUN=afternoon | action=schedule | RESULT=OK
2026-09-24 11:44:08 | INFO | RUN=afternoon | HTTP=200 | action=schedule | version=16 | updatedAt=2026-09-24T16:40:01.471966Z
2026-09-24 11:44:08 | INFO | RUN=afternoon | action=schedule | RESULT=OK
2026-09-24 11:44:38 | INFO | RUN=afternoon | HTTP=200 | action=schedule | version=16 | updatedAt=2026-09-24T16:40:01.471966Z
2026-09-24 11:44:38 | INFO | RUN=afternoon | action=schedule | RESULT=OK
2026-09-24 11:45:08 | INFO | RUN=afternoon | HTTP=200 | action=schedule | version=16 | updatedAt=2026-09-24T16:40:01.471966Z
2026-09-24 11:45:08 | INFO | RUN=afternoon | action=schedule | RESULT=OK
2026-09-24 11:45:38 | INFO | RUN=afternoon | HTTP=200 | action=schedule | version=16 | updatedAt=2026-09-24T16:40:01.471966Z
2026-09-24 11:45:38 | INFO | RUN=afternoon | action=schedule | RESULT=OK
2026-09-24 11:46:08 | INFO | RUN=afternoon | HTTP=200 | action=schedule | version=16 | updatedAt=2026-09-24T16:40:01.471966Z
2026-09-24 11:46:08 | INFO | RUN=afternoon | action=schedule | RESULT=OK
2026-09-24 11:46:38 | INFO | RUN=afternoon | HTTP=200 | action=schedule | version=16 | updatedAt=2026-09-24T16:40:01.471966Z
2026-09-24 11:46:38 | INFO | RUN=afternoon | action=schedule | RESULT=OK
2026-09-24 11:47:08 | INFO | RUN=afternoon | HTTP=200 | action=schedule | version=16 | updatedAt=2026-09-24T16:40:01.471966Z
2026-09-24 11:47:08 | INFO | RUN=afternoon | action=schedule | RESULT=OK
2026-09-24 11:47:38 | INFO | RUN=afternoon | HTTP=200 | action=schedule | version=16 | updatedAt=2026-09-24T16:40:01.471966Z
2026-09-24 11:47:38 | INFO | RUN=afternoon | action=schedule | RESULT=OK
2026-09-24 11:48:08 | INFO | RUN=afternoon | HTTP=200 | action=schedule | version=16 | updatedAt=2026-09-24T16:40:01.471966Z
2026-09-24 11:48:08 | INFO | RUN=afternoon | action=schedule | RESULT=OK
2026-09-24 11:48:38 | INFO | RUN=afternoon | HTTP=200 | action=schedule | version=16 | updatedAt=2026-09-24T16:40:01.471966Z
2026-09-24 11:48:38 | INFO | RUN=afternoon | action=schedule | RESULT=OK
2026-09-24 11:49:08 | INFO | RUN=afternoon | HTTP=200 | action=schedule | version=16 | updatedAt=2026-09-24T16:40:01.471966Z
2026-09-24 11:49:08 | INFO | RUN=afternoon | action=schedule | RESULT=OK
2026-09-24 11:49:38 | INFO | RUN=afternoon | HTTP=200 | action=schedule | version=16 | updatedAt=2026-09-24T16:40:01.471966Z
2026-09-24 11:49:38 | INFO | RUN=afternoon | action=schedule | RESULT=OK
2026-09-24 11:50:08 | INFO | RUN=afternoon | HTTP=200 | action=schedule | version=16 | updatedAt=2026-09-24T16:40:01.471966Z
2026-09-24 11:50:08 | INFO | RUN=afternoon | action=schedule | RESULT=OK
2026-09-24 11:50:38 | INFO | RUN=afternoon | HTTP=200 | action=schedule | version=16 | updatedAt=2026-09-24T16:40:01.471966Z
2026-09-24 11:50:38 | INFO | RUN=afternoon | action=schedule | RESULT=OK
2026-09-24 11:51:08 | INFO | RUN=afternoon | HTTP=200 | action=schedule | version=16 | updatedAt=2026-09-24T16:40:01.471966Z
2026-09-24 11:51:08 | INFO | RUN=afternoon | action=schedule | RESULT=OK
2026-09-24 11:51:38 | INFO | RUN=afternoon | HTTP=200 | action=schedule | version=16 | updatedAt=2026-09-24T16:40:01.471966Z
2026-09-24 11:51:38 | INFO | RUN=afternoon | action=schedule | RESULT=OK
